version https://git-lfs.github.com/spec/v1
oid sha256:bad512db98602a01c819edc21619ae060d57bc4e722f0f096f9354e0bf9bff6f
size 432
